// Jest Snapshot v1, https://goo.gl/fbAQLP

exports[`Test application render Successful render 1`] = `""`;
