// Jest Snapshot v1, https://goo.gl/fbAQLP

exports[`Test word preview render It renders successfully 1`] = `
<div>
  <p>
    Uh oh! Something went wrong. :( Please check back later.
  </p>
</div>
`;
